// Jest Snapshot v1, https://goo.gl/fbAQLP

exports[`renders correctly enzyme 1`] = `
<Fragment>
  <input
    autoFocus={true}
    onChange={[Function]}
    value=""
  />
  <button
    onClick={[Function]}
  >
    Add Task!
  </button>
</Fragment>
`;
